// Jest Snapshot v1, https://goo.gl/fbAQLP

exports[`Popover renders correctly 1`] = `
<div
  className="popper__manager"
>
  <div
    className="popper__target"
  >
    <span
      onClick={[Function]}
    >
      <button>
        Button with Popover
      </button>
    </span>
  </div>
</div>
`;
