// Jest Snapshot v1, https://goo.gl/fbAQLP

exports[`Tooltip renders correctly 1`] = `
<div
  className="popper__manager"
>
  <div
    className="popper__target"
  >
    <span
      onMouseOut={[Function]}
      onMouseOver={[Function]}
    >
      <a
        href="http://www.grafana.com"
      >
        Link with tooltip
      </a>
    </span>
  </div>
</div>
`;
